[    2891ms] [WARNING] Unrecognized feature: 'attribution-reporting'. @ https://www.google.com/search?q=dreamina&rlz=1C1HKFL_enUS1230US1230&oq=dreamina&gs_lcrp=EgZjaHJvbWUyBggAEEUYOTINCAEQABiDARixAxiABDINCAIQABiDARixAxiABDIKCAMQABixAxiABDIKCAQQABixAxiABDIHCAUQABiABDIHCAYQABiABDIHCAcQABiABDIHCAgQABiABDIHCAkQABiABNIBCDEwMzlqMGo3qAIAsAIA&sourceid=chrome&source=chrome.ob&ie=UTF-8&sei=o4TCauS8NIDQ5NoP1ouKyQw:29
[    2892ms] [WARNING] Unrecognized feature: 'attribution-reporting'. @ https://www.google.com/search?q=dreamina&rlz=1C1HKFL_enUS1230US1230&oq=dreamina&gs_lcrp=EgZjaHJvbWUyBggAEEUYOTINCAEQABiDARixAxiABDINCAIQABiDARixAxiABDIKCAMQABixAxiABDIKCAQQABixAxiABDIHCAUQABiABDIHCAYQABiABDIHCAcQABiABDIHCAgQABiABDIHCAkQABiABNIBCDEwMzlqMGo3qAIAsAIA&sourceid=chrome&source=chrome.ob&ie=UTF-8&sei=o4TCauS8NIDQ5NoP1ouKyQw:29
[    3691ms] [ERROR] Manifest: Line: 1, column: 1, Syntax error. @ https://dreamina.capcut.com/manifest.json:0
[    3799ms] [LOG] 🚀 before ClientLayoutSync @ https://sf16-web-tos-buz.capcutcdn-us.com/obj/capcut-web-buz-tx/growth/dreamina/landing_page/static/js/main.5275f2a6.js:1
[    3857ms] [LOG] 🚀 consent change {firstPartyAnalytics: false, GoogleAnalytics: false, bingAnalytics: false, facebookPixel: false, tiktokAds: false} null @ https://sf16-web-tos-buz.capcutcdn-us.com/obj/capcut-web-buz-tx/growth/dreamina/landing_page/static/js/main.5275f2a6.js:1
[    4079ms] [LOG] 🚀 after ClientLayoutSync @ https://sf16-web-tos-buz.capcutcdn-us.com/obj/capcut-web-buz-tx/growth/dreamina/landing_page/static/js/main.5275f2a6.js:1
[    4092ms] [LOG] 🚀 Tea ClientLayoutAsync @ https://sf16-web-tos-buz.capcutcdn-us.com/obj/capcut-web-buz-tx/growth/dreamina/landing_page/static/js/main.5275f2a6.js:1
[    4097ms] [LOG] 🚀 Tea complete initialization @ https://sf16-web-tos-buz.capcutcdn-us.com/obj/capcut-web-buz-tx/growth/dreamina/landing_page/static/js/main.5275f2a6.js:1
[    4177ms] [ERROR] Manifest: Line: 1, column: 1, Syntax error. @ https://dreamina.capcut.com/manifest.json:0
[    5027ms] [ERROR] Connecting to 'https://mweb-api-sg.capcut.com/mweb/v1/feature_permission?aid=513641&web_version=7.5.0' violates the following Content Security Policy directive: "connect-src 'self' blob: bytedance: data: http://localhost:* https://localhost:* http://127.0.0.1:* https://127.0.0.1:* wss://*.us.capcut.com wss://*.elevenlabs.io *.adtrafficquality.google *.bing.com *.bing.net *.capcutapi.us *.capcutcdn-us.com *.capcutw.us *.clarity.ms *.doubleclick.net *.facebook.com *.facebook.net *.google-analytics.com *.google.com *.googleadservices.com *.googleapis.com *.googlesyndication.com us.tiktok.com *.googletagmanager.com *.googleusercontent.com *.gstatic.com *.pipopay.com *.pipopayment.com *.pipopayment.us *.run.app *.tiktokcdn-us.com *.tiktokv.us *.tiktokw.us *.twitter.com *.us.capcut.com *.us.somehow.ai dreamina.capcut.com login-row.www.capcut.com login-row.www.somehow.ai www.capcut.com www.somehow.ai www.tiktok.com *.pinterest.com macan-native.com *.countain.com open.tiktokapis.com". The action has been blocked. @ https://sf16-web-tos-buz.capcutcdn-us.com/obj/capcut-web-buz-tx/growth/dreamina/landing_page/static/js/464.213e5645.js:1
[    5028ms] [ERROR] Fetch API cannot load https://mweb-api-sg.capcut.com/mweb/v1/feature_permission?aid=513641&web_version=7.5.0. Refused to connect because it violates the document's Content Security Policy. @ https://sf16-web-tos-buz.capcutcdn-us.com/obj/capcut-web-buz-tx/growth/dreamina/landing_page/static/js/464.213e5645.js:1
[    5037ms] [WARNING] [dreamina-region-block] client feature_permission failed TypeError: Failed to fetch
    at window.fetch (https://sf16-web-tos-buz.capcutcdn-us.com/obj/capcut-web-buz-tx/growth/dreamina/landing_page/static/js/464.213e5645.js:2:82331)
    at https://sf16-web-tos-buz.capcutcdn-us.com/obj/capcut-web-buz-tx/growth/dreamina/landing_page/static/js/main.5275f2a6.js:2:642478
    at Object.<anonymous> (https://sf16-web-tos-buz.capcutcdn-us.com/obj/capcut-web-buz-tx/growth/dreamina/landing_page/static/js/lib-polyfill.3d43437b.js:2:266347)
    at https://sf16-web-tos-buz.capcutcdn-us.com/obj/capcut-web-buz-tx/growth/dreamina/landing_page/static/js/main.5275f2a6.js:2:641427
    at new Promise (<anonymous>)
    at n (https://sf16-web-tos-buz.capcutcdn-us.com/obj/capcut-web-buz-tx/growth/dreamina/landing_page/static/js/main.5275f2a6.js:2:641208)
    at b (https://sf16-web-tos-buz.capcutcdn-us.com/obj/capcut-web-buz-tx/growth/dreamina/landing_page/static/js/main.5275f2a6.js:2:642365)
    at https://sf16-web-tos-buz.capcutcdn-us.com/obj/capcut-web-buz-tx/growth/dreamina/landing_page/static/js/main.5275f2a6.js:2:99158
    at e (https://sf16-web-tos-buz.capcutcdn-us.com/obj/capcut-web-buz-tx/growth/dreamina/landing_page/static/js/main.5275f2a6.js:2:99476)
    at https://sf16-web-tos-buz.capcutcdn-us.com/obj/capcut-web-buz-tx/growth/dreamina/landing_page/static/js/main.5275f2a6.js:2:99532 @ https://sf16-web-tos-buz.capcutcdn-us.com/obj/capcut-web-buz-tx/growth/dreamina/landing_page/static/js/main.5275f2a6.js:1
[    7068ms] [WARNING] [GSI_LOGGER]: Your client application uses one of the Google One Tap prompt UI status methods that may stop functioning when FedCM becomes mandatory. Refer to the migration guide to update your code accordingly and opt-in to FedCM to test your changes. Learn more: https://developers.google.com/identity/gsi/web/guides/fedcm-migration?s=dc#display_moment and https://developers.google.com/identity/gsi/web/guides/fedcm-migration?s=dc#skipped_moment @ https://accounts.google.com/gsi/client:86
[    7090ms] [ERROR] Not signed in with the identity provider. @ https://dreamina.capcut.com/?utm_medium=sem&utm_source=googleadwords_int&utm_campaign=brand&utm_content=web&pid=513641&campaign_id=23721222373&adset_id=200644017088&ad_id=803491807183&keyword=dreamina&matchtype=e&channel=g&placement=&target=kwd-781492265004&gad_source=1&gad_campaignid=23721222373&gbraid=0AAAAACROvhk_LMZ_L4IpTbCDzJnnaaXTM&gclid=EAIaIQobChMIjfLH4-mglwMV0k1HAR34NCnmEAAYASAAEgKVXvD_BwE:0
[    8062ms] [LOG] 🚀 consent change {firstPartyAnalytics: true, GoogleAnalytics: true, bingAnalytics: true, facebookPixel: true, tiktokAds: true} et @ https://sf16-web-tos-buz.capcutcdn-us.com/obj/capcut-web-buz-tx/growth/dreamina/landing_page/static/js/main.5275f2a6.js:1
[    8062ms] [LOG] 🚀 Tea ready @ https://sf16-web-tos-buz.capcutcdn-us.com/obj/capcut-web-buz-tx/growth/dreamina/landing_page/static/js/main.5275f2a6.js:1
[    8072ms] [ERROR] [GSI_LOGGER]: FedCM get() rejects with NetworkError: Error retrieving a token. @ https://accounts.google.com/gsi/client:87
[    8935ms] [ERROR] Loading the script 'https://www.youtube.com/iframe_api' violates the following Content Security Policy directive: "script-src 'report-sample' 'self' 'unsafe-eval' 'inline-speculation-rules' 'wasm-unsafe-eval' *.bing.com *.capcutcdn-us.com *.facebook.com *.facebook.net *.google-analytics.com *.google.com *.googlesyndication.com *.googletagmanager.com *.tiktokcdn-us.com appleid.cdn-apple.com ep2.adtrafficquality.google googleads.g.doubleclick.net scripts.clarity.ms www.clarity.ms www.gstatic.com *.pinimg.com *.pinterest.com macan-native.com". Note that 'script-src-elem' was not explicitly set, so 'script-src' is used as a fallback. The action has been blocked. @ https://sf16-web-tos-buz.capcutcdn-us.com/obj/capcut-web-buz-tx/growth/dreamina/landing_page/static/js/464.213e5645.js:1
