[     779ms] [INFO] %cDownload the React DevTools for a better development experience: https://react.dev/link/react-devtools font-weight:bold @ http://localhost:3001/_next/static/chunks/node_modules_next_dist_1e8vcs8._.js:776
[    9451ms] [LOG] [HMR] connected @ http://localhost:3001/_next/static/chunks/node_modules_next_dist_1e8vcs8._.js:776
[  308737ms] [LOG] [Fast Refresh] rebuilding @ http://localhost:3001/_next/static/chunks/node_modules_next_dist_1e8vcs8._.js:776
[  308826ms] [LOG] [Fast Refresh] done in 33ms @ http://localhost:3001/_next/static/chunks/node_modules_next_dist_1e8vcs8._.js:776
[  308910ms] [LOG] [Fast Refresh] done in 33ms @ http://localhost:3001/_next/static/chunks/node_modules_next_dist_1e8vcs8._.js:776
[  308973ms] [LOG] [Fast Refresh] done in 33ms @ http://localhost:3001/_next/static/chunks/node_modules_next_dist_1e8vcs8._.js:776
[  309034ms] [LOG] [Fast Refresh] done in 33ms @ http://localhost:3001/_next/static/chunks/node_modules_next_dist_1e8vcs8._.js:776
[  309110ms] [LOG] [Fast Refresh] done in 33ms @ http://localhost:3001/_next/static/chunks/node_modules_next_dist_1e8vcs8._.js:776
[  309177ms] [LOG] [Fast Refresh] done in 33ms @ http://localhost:3001/_next/static/chunks/node_modules_next_dist_1e8vcs8._.js:776
[  309259ms] [LOG] [Fast Refresh] done in 33ms @ http://localhost:3001/_next/static/chunks/node_modules_next_dist_1e8vcs8._.js:776
[  309352ms] [LOG] [Fast Refresh] done in 33ms @ http://localhost:3001/_next/static/chunks/node_modules_next_dist_1e8vcs8._.js:776
[  309428ms] [LOG] [Fast Refresh] done in 33ms @ http://localhost:3001/_next/static/chunks/node_modules_next_dist_1e8vcs8._.js:776
[  309601ms] [LOG] [Fast Refresh] done in 33ms @ http://localhost:3001/_next/static/chunks/node_modules_next_dist_1e8vcs8._.js:776
[  310060ms] [LOG] [Fast Refresh] done in 33ms @ http://localhost:3001/_next/static/chunks/node_modules_next_dist_1e8vcs8._.js:776
[  310145ms] [LOG] [Fast Refresh] done in 33ms @ http://localhost:3001/_next/static/chunks/node_modules_next_dist_1e8vcs8._.js:776
[  310272ms] [LOG] [Fast Refresh] done in 33ms @ http://localhost:3001/_next/static/chunks/node_modules_next_dist_1e8vcs8._.js:776
[  310342ms] [LOG] [Fast Refresh] done in 33ms @ http://localhost:3001/_next/static/chunks/node_modules_next_dist_1e8vcs8._.js:776
[  310396ms] [LOG] [Fast Refresh] done in 33ms @ http://localhost:3001/_next/static/chunks/node_modules_next_dist_1e8vcs8._.js:776
[  310458ms] [LOG] [Fast Refresh] done in 33ms @ http://localhost:3001/_next/static/chunks/node_modules_next_dist_1e8vcs8._.js:776
[  310523ms] [LOG] [Fast Refresh] done in 33ms @ http://localhost:3001/_next/static/chunks/node_modules_next_dist_1e8vcs8._.js:776
[  310598ms] [LOG] [Fast Refresh] done in 33ms @ http://localhost:3001/_next/static/chunks/node_modules_next_dist_1e8vcs8._.js:776
[  310681ms] [LOG] [Fast Refresh] done in 33ms @ http://localhost:3001/_next/static/chunks/node_modules_next_dist_1e8vcs8._.js:776
[  310754ms] [LOG] [Fast Refresh] done in 33ms @ http://localhost:3001/_next/static/chunks/node_modules_next_dist_1e8vcs8._.js:776
[  310817ms] [LOG] [Fast Refresh] done in 33ms @ http://localhost:3001/_next/static/chunks/node_modules_next_dist_1e8vcs8._.js:776
[  310884ms] [LOG] [Fast Refresh] done in 33ms @ http://localhost:3001/_next/static/chunks/node_modules_next_dist_1e8vcs8._.js:776
[  310956ms] [LOG] [Fast Refresh] done in 33ms @ http://localhost:3001/_next/static/chunks/node_modules_next_dist_1e8vcs8._.js:776
[  311022ms] [LOG] [Fast Refresh] done in 33ms @ http://localhost:3001/_next/static/chunks/node_modules_next_dist_1e8vcs8._.js:776
[  311098ms] [LOG] [Fast Refresh] done in 33ms @ http://localhost:3001/_next/static/chunks/node_modules_next_dist_1e8vcs8._.js:776
[  311166ms] [LOG] [Fast Refresh] done in 33ms @ http://localhost:3001/_next/static/chunks/node_modules_next_dist_1e8vcs8._.js:776
[  311226ms] [LOG] [Fast Refresh] done in 33ms @ http://localhost:3001/_next/static/chunks/node_modules_next_dist_1e8vcs8._.js:776
[  311289ms] [LOG] [Fast Refresh] done in 33ms @ http://localhost:3001/_next/static/chunks/node_modules_next_dist_1e8vcs8._.js:776
[  311350ms] [LOG] [Fast Refresh] done in 33ms @ http://localhost:3001/_next/static/chunks/node_modules_next_dist_1e8vcs8._.js:776
[  311416ms] [LOG] [Fast Refresh] done in 33ms @ http://localhost:3001/_next/static/chunks/node_modules_next_dist_1e8vcs8._.js:776
[  311488ms] [LOG] [Fast Refresh] done in 33ms @ http://localhost:3001/_next/static/chunks/node_modules_next_dist_1e8vcs8._.js:776
[  311550ms] [LOG] [Fast Refresh] done in 33ms @ http://localhost:3001/_next/static/chunks/node_modules_next_dist_1e8vcs8._.js:776
[  311600ms] [LOG] [Fast Refresh] done in 33ms @ http://localhost:3001/_next/static/chunks/node_modules_next_dist_1e8vcs8._.js:776
[  311660ms] [LOG] [Fast Refresh] done in 33ms @ http://localhost:3001/_next/static/chunks/node_modules_next_dist_1e8vcs8._.js:776
[  311731ms] [LOG] [Fast Refresh] done in 33ms @ http://localhost:3001/_next/static/chunks/node_modules_next_dist_1e8vcs8._.js:776
[  311802ms] [LOG] [Fast Refresh] done in 33ms @ http://localhost:3001/_next/static/chunks/node_modules_next_dist_1e8vcs8._.js:776
[  311861ms] [LOG] [Fast Refresh] done in 33ms @ http://localhost:3001/_next/static/chunks/node_modules_next_dist_1e8vcs8._.js:776
[  311925ms] [LOG] [Fast Refresh] done in 33ms @ http://localhost:3001/_next/static/chunks/node_modules_next_dist_1e8vcs8._.js:776
[  311986ms] [LOG] [Fast Refresh] done in 33ms @ http://localhost:3001/_next/static/chunks/node_modules_next_dist_1e8vcs8._.js:776
[  312064ms] [LOG] [Fast Refresh] done in 33ms @ http://localhost:3001/_next/static/chunks/node_modules_next_dist_1e8vcs8._.js:776
[  312127ms] [LOG] [Fast Refresh] done in 33ms @ http://localhost:3001/_next/static/chunks/node_modules_next_dist_1e8vcs8._.js:776
[  312203ms] [LOG] [Fast Refresh] done in 33ms @ http://localhost:3001/_next/static/chunks/node_modules_next_dist_1e8vcs8._.js:776
[  312266ms] [LOG] [Fast Refresh] done in 33ms @ http://localhost:3001/_next/static/chunks/node_modules_next_dist_1e8vcs8._.js:776
[  312328ms] [LOG] [Fast Refresh] done in 33ms @ http://localhost:3001/_next/static/chunks/node_modules_next_dist_1e8vcs8._.js:776
[  312417ms] [LOG] [Fast Refresh] done in 33ms @ http://localhost:3001/_next/static/chunks/node_modules_next_dist_1e8vcs8._.js:776
[  312484ms] [LOG] [Fast Refresh] done in 33ms @ http://localhost:3001/_next/static/chunks/node_modules_next_dist_1e8vcs8._.js:776
[  312548ms] [LOG] [Fast Refresh] done in 33ms @ http://localhost:3001/_next/static/chunks/node_modules_next_dist_1e8vcs8._.js:776
[  312612ms] [LOG] [Fast Refresh] done in 33ms @ http://localhost:3001/_next/static/chunks/node_modules_next_dist_1e8vcs8._.js:776
[  312672ms] [LOG] [Fast Refresh] done in 33ms @ http://localhost:3001/_next/static/chunks/node_modules_next_dist_1e8vcs8._.js:776
[  312737ms] [LOG] [Fast Refresh] done in 33ms @ http://localhost:3001/_next/static/chunks/node_modules_next_dist_1e8vcs8._.js:776
[  312798ms] [LOG] [Fast Refresh] done in 33ms @ http://localhost:3001/_next/static/chunks/node_modules_next_dist_1e8vcs8._.js:776
[  312861ms] [LOG] [Fast Refresh] done in 33ms @ http://localhost:3001/_next/static/chunks/node_modules_next_dist_1e8vcs8._.js:776
[  312926ms] [LOG] [Fast Refresh] done in 33ms @ http://localhost:3001/_next/static/chunks/node_modules_next_dist_1e8vcs8._.js:776
[  313128ms] [LOG] [Fast Refresh] done in 33ms @ http://localhost:3001/_next/static/chunks/node_modules_next_dist_1e8vcs8._.js:776
[  313313ms] [LOG] [Fast Refresh] done in 33ms @ http://localhost:3001/_next/static/chunks/node_modules_next_dist_1e8vcs8._.js:776
[  313375ms] [LOG] [Fast Refresh] done in 33ms @ http://localhost:3001/_next/static/chunks/node_modules_next_dist_1e8vcs8._.js:776
[  313439ms] [LOG] [Fast Refresh] done in 33ms @ http://localhost:3001/_next/static/chunks/node_modules_next_dist_1e8vcs8._.js:776
[  313499ms] [LOG] [Fast Refresh] done in 33ms @ http://localhost:3001/_next/static/chunks/node_modules_next_dist_1e8vcs8._.js:776
[  313562ms] [LOG] [Fast Refresh] done in 33ms @ http://localhost:3001/_next/static/chunks/node_modules_next_dist_1e8vcs8._.js:776
[  313629ms] [LOG] [Fast Refresh] done in 33ms @ http://localhost:3001/_next/static/chunks/node_modules_next_dist_1e8vcs8._.js:776
[  313687ms] [LOG] [Fast Refresh] done in 33ms @ http://localhost:3001/_next/static/chunks/node_modules_next_dist_1e8vcs8._.js:776
[  313770ms] [LOG] [Fast Refresh] done in 33ms @ http://localhost:3001/_next/static/chunks/node_modules_next_dist_1e8vcs8._.js:776
[  313860ms] [LOG] [Fast Refresh] done in 33ms @ http://localhost:3001/_next/static/chunks/node_modules_next_dist_1e8vcs8._.js:776
[  313998ms] [LOG] [Fast Refresh] done in 33ms @ http://localhost:3001/_next/static/chunks/node_modules_next_dist_1e8vcs8._.js:776
[  314155ms] [LOG] [Fast Refresh] done in 33ms @ http://localhost:3001/_next/static/chunks/node_modules_next_dist_1e8vcs8._.js:776
[  314220ms] [LOG] [Fast Refresh] done in 33ms @ http://localhost:3001/_next/static/chunks/node_modules_next_dist_1e8vcs8._.js:776
[  314283ms] [LOG] [Fast Refresh] done in 33ms @ http://localhost:3001/_next/static/chunks/node_modules_next_dist_1e8vcs8._.js:776
[  314342ms] [LOG] [Fast Refresh] done in 33ms @ http://localhost:3001/_next/static/chunks/node_modules_next_dist_1e8vcs8._.js:776
[  314405ms] [LOG] [Fast Refresh] done in 33ms @ http://localhost:3001/_next/static/chunks/node_modules_next_dist_1e8vcs8._.js:776
[  314469ms] [LOG] [Fast Refresh] done in 33ms @ http://localhost:3001/_next/static/chunks/node_modules_next_dist_1e8vcs8._.js:776
[  314528ms] [LOG] [Fast Refresh] done in 33ms @ http://localhost:3001/_next/static/chunks/node_modules_next_dist_1e8vcs8._.js:776
[  314593ms] [LOG] [Fast Refresh] done in 33ms @ http://localhost:3001/_next/static/chunks/node_modules_next_dist_1e8vcs8._.js:776
[  314655ms] [LOG] [Fast Refresh] done in 33ms @ http://localhost:3001/_next/static/chunks/node_modules_next_dist_1e8vcs8._.js:776
[  314718ms] [LOG] [Fast Refresh] done in 33ms @ http://localhost:3001/_next/static/chunks/node_modules_next_dist_1e8vcs8._.js:776
[  314780ms] [LOG] [Fast Refresh] done in 33ms @ http://localhost:3001/_next/static/chunks/node_modules_next_dist_1e8vcs8._.js:776
[  314843ms] [LOG] [Fast Refresh] done in 33ms @ http://localhost:3001/_next/static/chunks/node_modules_next_dist_1e8vcs8._.js:776
[  314906ms] [LOG] [Fast Refresh] done in 33ms @ http://localhost:3001/_next/static/chunks/node_modules_next_dist_1e8vcs8._.js:776
[  314972ms] [LOG] [Fast Refresh] done in 33ms @ http://localhost:3001/_next/static/chunks/node_modules_next_dist_1e8vcs8._.js:776
[  315031ms] [LOG] [Fast Refresh] done in 33ms @ http://localhost:3001/_next/static/chunks/node_modules_next_dist_1e8vcs8._.js:776
[  315094ms] [LOG] [Fast Refresh] done in 33ms @ http://localhost:3001/_next/static/chunks/node_modules_next_dist_1e8vcs8._.js:776
[  315141ms] [LOG] [Fast Refresh] done in 33ms @ http://localhost:3001/_next/static/chunks/node_modules_next_dist_1e8vcs8._.js:776
[  315204ms] [LOG] [Fast Refresh] done in 33ms @ http://localhost:3001/_next/static/chunks/node_modules_next_dist_1e8vcs8._.js:776
[  315266ms] [LOG] [Fast Refresh] done in 33ms @ http://localhost:3001/_next/static/chunks/node_modules_next_dist_1e8vcs8._.js:776
[  315327ms] [LOG] [Fast Refresh] done in 33ms @ http://localhost:3001/_next/static/chunks/node_modules_next_dist_1e8vcs8._.js:776
[  315390ms] [LOG] [Fast Refresh] done in 33ms @ http://localhost:3001/_next/static/chunks/node_modules_next_dist_1e8vcs8._.js:776
[  315451ms] [LOG] [Fast Refresh] done in 33ms @ http://localhost:3001/_next/static/chunks/node_modules_next_dist_1e8vcs8._.js:776
[  315515ms] [LOG] [Fast Refresh] done in 33ms @ http://localhost:3001/_next/static/chunks/node_modules_next_dist_1e8vcs8._.js:776
[  315577ms] [LOG] [Fast Refresh] done in 33ms @ http://localhost:3001/_next/static/chunks/node_modules_next_dist_1e8vcs8._.js:776
[  315640ms] [LOG] [Fast Refresh] done in 33ms @ http://localhost:3001/_next/static/chunks/node_modules_next_dist_1e8vcs8._.js:776
[  315703ms] [LOG] [Fast Refresh] done in 33ms @ http://localhost:3001/_next/static/chunks/node_modules_next_dist_1e8vcs8._.js:776
[  315766ms] [LOG] [Fast Refresh] done in 33ms @ http://localhost:3001/_next/static/chunks/node_modules_next_dist_1e8vcs8._.js:776
[  315830ms] [LOG] [Fast Refresh] done in 33ms @ http://localhost:3001/_next/static/chunks/node_modules_next_dist_1e8vcs8._.js:776
[  315902ms] [LOG] [Fast Refresh] done in 33ms @ http://localhost:3001/_next/static/chunks/node_modules_next_dist_1e8vcs8._.js:776
[  315956ms] [LOG] [Fast Refresh] done in 33ms @ http://localhost:3001/_next/static/chunks/node_modules_next_dist_1e8vcs8._.js:776
[  316107ms] [LOG] [Fast Refresh] done in 33ms @ http://localhost:3001/_next/static/chunks/node_modules_next_dist_1e8vcs8._.js:776
[  316180ms] [LOG] [Fast Refresh] done in 33ms @ http://localhost:3001/_next/static/chunks/node_modules_next_dist_1e8vcs8._.js:776
[  316235ms] [LOG] [Fast Refresh] done in 33ms @ http://localhost:3001/_next/static/chunks/node_modules_next_dist_1e8vcs8._.js:776
[  316327ms] [LOG] [Fast Refresh] done in 33ms @ http://localhost:3001/_next/static/chunks/node_modules_next_dist_1e8vcs8._.js:776
[  316454ms] [LOG] [Fast Refresh] done in 33ms @ http://localhost:3001/_next/static/chunks/node_modules_next_dist_1e8vcs8._.js:776
[  316516ms] [LOG] [Fast Refresh] done in 33ms @ http://localhost:3001/_next/static/chunks/node_modules_next_dist_1e8vcs8._.js:776
[  316630ms] [LOG] [Fast Refresh] done in 33ms @ http://localhost:3001/_next/static/chunks/node_modules_next_dist_1e8vcs8._.js:776
[  316833ms] [LOG] [Fast Refresh] done in 33ms @ http://localhost:3001/_next/static/chunks/node_modules_next_dist_1e8vcs8._.js:776
[  316908ms] [LOG] [Fast Refresh] done in 33ms @ http://localhost:3001/_next/static/chunks/node_modules_next_dist_1e8vcs8._.js:776
[  317066ms] [LOG] [Fast Refresh] done in 33ms @ http://localhost:3001/_next/static/chunks/node_modules_next_dist_1e8vcs8._.js:776
[  317129ms] [LOG] [Fast Refresh] done in 33ms @ http://localhost:3001/_next/static/chunks/node_modules_next_dist_1e8vcs8._.js:776
[  317193ms] [LOG] [Fast Refresh] done in 33ms @ http://localhost:3001/_next/static/chunks/node_modules_next_dist_1e8vcs8._.js:776
[  317252ms] [LOG] [Fast Refresh] done in 33ms @ http://localhost:3001/_next/static/chunks/node_modules_next_dist_1e8vcs8._.js:776
[  317313ms] [LOG] [Fast Refresh] done in 33ms @ http://localhost:3001/_next/static/chunks/node_modules_next_dist_1e8vcs8._.js:776
[  317381ms] [LOG] [Fast Refresh] done in 33ms @ http://localhost:3001/_next/static/chunks/node_modules_next_dist_1e8vcs8._.js:776
[  317438ms] [LOG] [Fast Refresh] done in 33ms @ http://localhost:3001/_next/static/chunks/node_modules_next_dist_1e8vcs8._.js:776
[  317500ms] [LOG] [Fast Refresh] done in 33ms @ http://localhost:3001/_next/static/chunks/node_modules_next_dist_1e8vcs8._.js:776
[  317563ms] [LOG] [Fast Refresh] done in 33ms @ http://localhost:3001/_next/static/chunks/node_modules_next_dist_1e8vcs8._.js:776
[  317626ms] [LOG] [Fast Refresh] done in 33ms @ http://localhost:3001/_next/static/chunks/node_modules_next_dist_1e8vcs8._.js:776
[  317689ms] [LOG] [Fast Refresh] done in 33ms @ http://localhost:3001/_next/static/chunks/node_modules_next_dist_1e8vcs8._.js:776
[  317753ms] [LOG] [Fast Refresh] done in 33ms @ http://localhost:3001/_next/static/chunks/node_modules_next_dist_1e8vcs8._.js:776
[  317826ms] [LOG] [Fast Refresh] done in 33ms @ http://localhost:3001/_next/static/chunks/node_modules_next_dist_1e8vcs8._.js:776
[  317893ms] [LOG] [Fast Refresh] done in 33ms @ http://localhost:3001/_next/static/chunks/node_modules_next_dist_1e8vcs8._.js:776
[  317955ms] [LOG] [Fast Refresh] done in 33ms @ http://localhost:3001/_next/static/chunks/node_modules_next_dist_1e8vcs8._.js:776
[  318085ms] [LOG] [Fast Refresh] done in 33ms @ http://localhost:3001/_next/static/chunks/node_modules_next_dist_1e8vcs8._.js:776
[  318142ms] [LOG] [Fast Refresh] done in 33ms @ http://localhost:3001/_next/static/chunks/node_modules_next_dist_1e8vcs8._.js:776
[  318204ms] [LOG] [Fast Refresh] done in 33ms @ http://localhost:3001/_next/static/chunks/node_modules_next_dist_1e8vcs8._.js:776
[  318265ms] [LOG] [Fast Refresh] done in 33ms @ http://localhost:3001/_next/static/chunks/node_modules_next_dist_1e8vcs8._.js:776
[  318326ms] [LOG] [Fast Refresh] done in 33ms @ http://localhost:3001/_next/static/chunks/node_modules_next_dist_1e8vcs8._.js:776
[  318391ms] [LOG] [Fast Refresh] done in 33ms @ http://localhost:3001/_next/static/chunks/node_modules_next_dist_1e8vcs8._.js:776
[  318456ms] [LOG] [Fast Refresh] done in 33ms @ http://localhost:3001/_next/static/chunks/node_modules_next_dist_1e8vcs8._.js:776
[  318511ms] [LOG] [Fast Refresh] done in 33ms @ http://localhost:3001/_next/static/chunks/node_modules_next_dist_1e8vcs8._.js:776
[  318574ms] [LOG] [Fast Refresh] done in 33ms @ http://localhost:3001/_next/static/chunks/node_modules_next_dist_1e8vcs8._.js:776
[  318637ms] [LOG] [Fast Refresh] done in 33ms @ http://localhost:3001/_next/static/chunks/node_modules_next_dist_1e8vcs8._.js:776
[  318700ms] [LOG] [Fast Refresh] done in 33ms @ http://localhost:3001/_next/static/chunks/node_modules_next_dist_1e8vcs8._.js:776
[  318761ms] [LOG] [Fast Refresh] done in 33ms @ http://localhost:3001/_next/static/chunks/node_modules_next_dist_1e8vcs8._.js:776
[  318824ms] [LOG] [Fast Refresh] done in 33ms @ http://localhost:3001/_next/static/chunks/node_modules_next_dist_1e8vcs8._.js:776
[  318889ms] [LOG] [Fast Refresh] done in 33ms @ http://localhost:3001/_next/static/chunks/node_modules_next_dist_1e8vcs8._.js:776
[  318949ms] [LOG] [Fast Refresh] done in 33ms @ http://localhost:3001/_next/static/chunks/node_modules_next_dist_1e8vcs8._.js:776
[  319018ms] [LOG] [Fast Refresh] done in 33ms @ http://localhost:3001/_next/static/chunks/node_modules_next_dist_1e8vcs8._.js:776
[  319075ms] [LOG] [Fast Refresh] done in 33ms @ http://localhost:3001/_next/static/chunks/node_modules_next_dist_1e8vcs8._.js:776
[  319138ms] [LOG] [Fast Refresh] done in 33ms @ http://localhost:3001/_next/static/chunks/node_modules_next_dist_1e8vcs8._.js:776
[  319201ms] [LOG] [Fast Refresh] done in 33ms @ http://localhost:3001/_next/static/chunks/node_modules_next_dist_1e8vcs8._.js:776
[  319262ms] [LOG] [Fast Refresh] done in 33ms @ http://localhost:3001/_next/static/chunks/node_modules_next_dist_1e8vcs8._.js:776
[  319325ms] [LOG] [Fast Refresh] done in 33ms @ http://localhost:3001/_next/static/chunks/node_modules_next_dist_1e8vcs8._.js:776
[  319389ms] [LOG] [Fast Refresh] done in 33ms @ http://localhost:3001/_next/static/chunks/node_modules_next_dist_1e8vcs8._.js:776
[  319450ms] [LOG] [Fast Refresh] done in 33ms @ http://localhost:3001/_next/static/chunks/node_modules_next_dist_1e8vcs8._.js:776
[  319497ms] [LOG] [Fast Refresh] done in 33ms @ http://localhost:3001/_next/static/chunks/node_modules_next_dist_1e8vcs8._.js:776
[  319559ms] [LOG] [Fast Refresh] done in 33ms @ http://localhost:3001/_next/static/chunks/node_modules_next_dist_1e8vcs8._.js:776
[  319622ms] [LOG] [Fast Refresh] done in 33ms @ http://localhost:3001/_next/static/chunks/node_modules_next_dist_1e8vcs8._.js:776
[  319684ms] [LOG] [Fast Refresh] done in 33ms @ http://localhost:3001/_next/static/chunks/node_modules_next_dist_1e8vcs8._.js:776
[  319747ms] [LOG] [Fast Refresh] done in 33ms @ http://localhost:3001/_next/static/chunks/node_modules_next_dist_1e8vcs8._.js:776
[  319809ms] [LOG] [Fast Refresh] done in 33ms @ http://localhost:3001/_next/static/chunks/node_modules_next_dist_1e8vcs8._.js:776
[  319873ms] [LOG] [Fast Refresh] done in 33ms @ http://localhost:3001/_next/static/chunks/node_modules_next_dist_1e8vcs8._.js:776
[  319936ms] [LOG] [Fast Refresh] done in 33ms @ http://localhost:3001/_next/static/chunks/node_modules_next_dist_1e8vcs8._.js:776
[  320020ms] [LOG] [Fast Refresh] done in 33ms @ http://localhost:3001/_next/static/chunks/node_modules_next_dist_1e8vcs8._.js:776
[  320094ms] [LOG] [Fast Refresh] done in 33ms @ http://localhost:3001/_next/static/chunks/node_modules_next_dist_1e8vcs8._.js:776
[  320154ms] [LOG] [Fast Refresh] done in 33ms @ http://localhost:3001/_next/static/chunks/node_modules_next_dist_1e8vcs8._.js:776
[  320218ms] [LOG] [Fast Refresh] done in 33ms @ http://localhost:3001/_next/static/chunks/node_modules_next_dist_1e8vcs8._.js:776
[  320280ms] [LOG] [Fast Refresh] done in 33ms @ http://localhost:3001/_next/static/chunks/node_modules_next_dist_1e8vcs8._.js:776
[  320342ms] [LOG] [Fast Refresh] done in 33ms @ http://localhost:3001/_next/static/chunks/node_modules_next_dist_1e8vcs8._.js:776
[  320406ms] [LOG] [Fast Refresh] done in 33ms @ http://localhost:3001/_next/static/chunks/node_modules_next_dist_1e8vcs8._.js:776
[  320465ms] [LOG] [Fast Refresh] done in 33ms @ http://localhost:3001/_next/static/chunks/node_modules_next_dist_1e8vcs8._.js:776
[  320527ms] [LOG] [Fast Refresh] done in 33ms @ http://localhost:3001/_next/static/chunks/node_modules_next_dist_1e8vcs8._.js:776
[  320588ms] [LOG] [Fast Refresh] done in 33ms @ http://localhost:3001/_next/static/chunks/node_modules_next_dist_1e8vcs8._.js:776
[  320651ms] [LOG] [Fast Refresh] done in 33ms @ http://localhost:3001/_next/static/chunks/node_modules_next_dist_1e8vcs8._.js:776
[  320714ms] [LOG] [Fast Refresh] done in 33ms @ http://localhost:3001/_next/static/chunks/node_modules_next_dist_1e8vcs8._.js:776
[  320775ms] [LOG] [Fast Refresh] done in 33ms @ http://localhost:3001/_next/static/chunks/node_modules_next_dist_1e8vcs8._.js:776
[  320838ms] [LOG] [Fast Refresh] done in 33ms @ http://localhost:3001/_next/static/chunks/node_modules_next_dist_1e8vcs8._.js:776
[  320900ms] [LOG] [Fast Refresh] done in 33ms @ http://localhost:3001/_next/static/chunks/node_modules_next_dist_1e8vcs8._.js:776
[  320964ms] [LOG] [Fast Refresh] done in 33ms @ http://localhost:3001/_next/static/chunks/node_modules_next_dist_1e8vcs8._.js:776
[  321030ms] [LOG] [Fast Refresh] done in 33ms @ http://localhost:3001/_next/static/chunks/node_modules_next_dist_1e8vcs8._.js:776
[  321088ms] [LOG] [Fast Refresh] done in 33ms @ http://localhost:3001/_next/static/chunks/node_modules_next_dist_1e8vcs8._.js:776
[  321150ms] [LOG] [Fast Refresh] done in 33ms @ http://localhost:3001/_next/static/chunks/node_modules_next_dist_1e8vcs8._.js:776
[  321217ms] [LOG] [Fast Refresh] done in 33ms @ http://localhost:3001/_next/static/chunks/node_modules_next_dist_1e8vcs8._.js:776
[  321277ms] [LOG] [Fast Refresh] done in 33ms @ http://localhost:3001/_next/static/chunks/node_modules_next_dist_1e8vcs8._.js:776
[  321338ms] [LOG] [Fast Refresh] done in 33ms @ http://localhost:3001/_next/static/chunks/node_modules_next_dist_1e8vcs8._.js:776
[  321401ms] [LOG] [Fast Refresh] done in 33ms @ http://localhost:3001/_next/static/chunks/node_modules_next_dist_1e8vcs8._.js:776
[  321465ms] [LOG] [Fast Refresh] done in 33ms @ http://localhost:3001/_next/static/chunks/node_modules_next_dist_1e8vcs8._.js:776
[  321527ms] [LOG] [Fast Refresh] done in 33ms @ http://localhost:3001/_next/static/chunks/node_modules_next_dist_1e8vcs8._.js:776
[  321590ms] [LOG] [Fast Refresh] done in 33ms @ http://localhost:3001/_next/static/chunks/node_modules_next_dist_1e8vcs8._.js:776
[  321651ms] [LOG] [Fast Refresh] done in 33ms @ http://localhost:3001/_next/static/chunks/node_modules_next_dist_1e8vcs8._.js:776
[  321711ms] [LOG] [Fast Refresh] done in 33ms @ http://localhost:3001/_next/static/chunks/node_modules_next_dist_1e8vcs8._.js:776
[  321777ms] [LOG] [Fast Refresh] done in 33ms @ http://localhost:3001/_next/static/chunks/node_modules_next_dist_1e8vcs8._.js:776
[  321836ms] [LOG] [Fast Refresh] done in 33ms @ http://localhost:3001/_next/static/chunks/node_modules_next_dist_1e8vcs8._.js:776
[  321899ms] [LOG] [Fast Refresh] done in 33ms @ http://localhost:3001/_next/static/chunks/node_modules_next_dist_1e8vcs8._.js:776
[  321962ms] [LOG] [Fast Refresh] done in 33ms @ http://localhost:3001/_next/static/chunks/node_modules_next_dist_1e8vcs8._.js:776
[  322023ms] [LOG] [Fast Refresh] done in 33ms @ http://localhost:3001/_next/static/chunks/node_modules_next_dist_1e8vcs8._.js:776
[  322087ms] [LOG] [Fast Refresh] done in 33ms @ http://localhost:3001/_next/static/chunks/node_modules_next_dist_1e8vcs8._.js:776
[  322152ms] [LOG] [Fast Refresh] done in 33ms @ http://localhost:3001/_next/static/chunks/node_modules_next_dist_1e8vcs8._.js:776
[  322213ms] [LOG] [Fast Refresh] done in 33ms @ http://localhost:3001/_next/static/chunks/node_modules_next_dist_1e8vcs8._.js:776
[  322276ms] [LOG] [Fast Refresh] done in 33ms @ http://localhost:3001/_next/static/chunks/node_modules_next_dist_1e8vcs8._.js:776
[  322346ms] [LOG] [Fast Refresh] done in 33ms @ http://localhost:3001/_next/static/chunks/node_modules_next_dist_1e8vcs8._.js:776
[  322404ms] [LOG] [Fast Refresh] done in 33ms @ http://localhost:3001/_next/static/chunks/node_modules_next_dist_1e8vcs8._.js:776
[  322477ms] [LOG] [Fast Refresh] done in 33ms @ http://localhost:3001/_next/static/chunks/node_modules_next_dist_1e8vcs8._.js:776
[  322563ms] [LOG] [Fast Refresh] done in 33ms @ http://localhost:3001/_next/static/chunks/node_modules_next_dist_1e8vcs8._.js:776
[  322623ms] [LOG] [Fast Refresh] done in 33ms @ http://localhost:3001/_next/static/chunks/node_modules_next_dist_1e8vcs8._.js:776
[  322690ms] [LOG] [Fast Refresh] done in 33ms @ http://localhost:3001/_next/static/chunks/node_modules_next_dist_1e8vcs8._.js:776
[  322770ms] [LOG] [Fast Refresh] done in 33ms @ http://localhost:3001/_next/static/chunks/node_modules_next_dist_1e8vcs8._.js:776
[  322825ms] [LOG] [Fast Refresh] done in 33ms @ http://localhost:3001/_next/static/chunks/node_modules_next_dist_1e8vcs8._.js:776
[  322887ms] [LOG] [Fast Refresh] done in 33ms @ http://localhost:3001/_next/static/chunks/node_modules_next_dist_1e8vcs8._.js:776
[  322950ms] [LOG] [Fast Refresh] done in 33ms @ http://localhost:3001/_next/static/chunks/node_modules_next_dist_1e8vcs8._.js:776
[  323080ms] [LOG] [Fast Refresh] done in 33ms @ http://localhost:3001/_next/static/chunks/node_modules_next_dist_1e8vcs8._.js:776
[  323123ms] [LOG] [Fast Refresh] done in 33ms @ http://localhost:3001/_next/static/chunks/node_modules_next_dist_1e8vcs8._.js:776
[  323185ms] [LOG] [Fast Refresh] done in 33ms @ http://localhost:3001/_next/static/chunks/node_modules_next_dist_1e8vcs8._.js:776
[  323247ms] [LOG] [Fast Refresh] done in 33ms @ http://localhost:3001/_next/static/chunks/node_modules_next_dist_1e8vcs8._.js:776
[  323309ms] [LOG] [Fast Refresh] done in 33ms @ http://localhost:3001/_next/static/chunks/node_modules_next_dist_1e8vcs8._.js:776
[  323373ms] [LOG] [Fast Refresh] done in 33ms @ http://localhost:3001/_next/static/chunks/node_modules_next_dist_1e8vcs8._.js:776
[  323436ms] [LOG] [Fast Refresh] done in 33ms @ http://localhost:3001/_next/static/chunks/node_modules_next_dist_1e8vcs8._.js:776
[  323505ms] [LOG] [Fast Refresh] done in 33ms @ http://localhost:3001/_next/static/chunks/node_modules_next_dist_1e8vcs8._.js:776
[  323561ms] [LOG] [Fast Refresh] done in 33ms @ http://localhost:3001/_next/static/chunks/node_modules_next_dist_1e8vcs8._.js:776
[  323624ms] [LOG] [Fast Refresh] done in 33ms @ http://localhost:3001/_next/static/chunks/node_modules_next_dist_1e8vcs8._.js:776
[  323688ms] [LOG] [Fast Refresh] done in 33ms @ http://localhost:3001/_next/static/chunks/node_modules_next_dist_1e8vcs8._.js:776
[  323753ms] [LOG] [Fast Refresh] done in 33ms @ http://localhost:3001/_next/static/chunks/node_modules_next_dist_1e8vcs8._.js:776
[  323817ms] [LOG] [Fast Refresh] done in 33ms @ http://localhost:3001/_next/static/chunks/node_modules_next_dist_1e8vcs8._.js:776
[  323883ms] [LOG] [Fast Refresh] done in 33ms @ http://localhost:3001/_next/static/chunks/node_modules_next_dist_1e8vcs8._.js:776
[  323940ms] [LOG] [Fast Refresh] done in 33ms @ http://localhost:3001/_next/static/chunks/node_modules_next_dist_1e8vcs8._.js:776
[  324005ms] [LOG] [Fast Refresh] done in 33ms @ http://localhost:3001/_next/static/chunks/node_modules_next_dist_1e8vcs8._.js:776
[  324066ms] [LOG] [Fast Refresh] done in 33ms @ http://localhost:3001/_next/static/chunks/node_modules_next_dist_1e8vcs8._.js:776
[  324126ms] [LOG] [Fast Refresh] done in 33ms @ http://localhost:3001/_next/static/chunks/node_modules_next_dist_1e8vcs8._.js:776
[  324224ms] [LOG] [Fast Refresh] done in 33ms @ http://localhost:3001/_next/static/chunks/node_modules_next_dist_1e8vcs8._.js:776
[  324283ms] [LOG] [Fast Refresh] done in 33ms @ http://localhost:3001/_next/static/chunks/node_modules_next_dist_1e8vcs8._.js:776
[  324345ms] [LOG] [Fast Refresh] done in 33ms @ http://localhost:3001/_next/static/chunks/node_modules_next_dist_1e8vcs8._.js:776
[  324409ms] [LOG] [Fast Refresh] done in 33ms @ http://localhost:3001/_next/static/chunks/node_modules_next_dist_1e8vcs8._.js:776
[  324456ms] [LOG] [Fast Refresh] done in 33ms @ http://localhost:3001/_next/static/chunks/node_modules_next_dist_1e8vcs8._.js:776
[  324505ms] [LOG] [Fast Refresh] done in 33ms @ http://localhost:3001/_next/static/chunks/node_modules_next_dist_1e8vcs8._.js:776
[  324571ms] [LOG] [Fast Refresh] done in 33ms @ http://localhost:3001/_next/static/chunks/node_modules_next_dist_1e8vcs8._.js:776
[  324631ms] [LOG] [Fast Refresh] done in 33ms @ http://localhost:3001/_next/static/chunks/node_modules_next_dist_1e8vcs8._.js:776
[  324694ms] [LOG] [Fast Refresh] done in 33ms @ http://localhost:3001/_next/static/chunks/node_modules_next_dist_1e8vcs8._.js:776
[  324758ms] [LOG] [Fast Refresh] done in 33ms @ http://localhost:3001/_next/static/chunks/node_modules_next_dist_1e8vcs8._.js:776
[  324824ms] [LOG] [Fast Refresh] done in 33ms @ http://localhost:3001/_next/static/chunks/node_modules_next_dist_1e8vcs8._.js:776
[  324883ms] [LOG] [Fast Refresh] done in 33ms @ http://localhost:3001/_next/static/chunks/node_modules_next_dist_1e8vcs8._.js:776
[  324946ms] [LOG] [Fast Refresh] done in 33ms @ http://localhost:3001/_next/static/chunks/node_modules_next_dist_1e8vcs8._.js:776
[  325010ms] [LOG] [Fast Refresh] done in 33ms @ http://localhost:3001/_next/static/chunks/node_modules_next_dist_1e8vcs8._.js:776
[  325072ms] [LOG] [Fast Refresh] done in 33ms @ http://localhost:3001/_next/static/chunks/node_modules_next_dist_1e8vcs8._.js:776
[  325121ms] [LOG] [Fast Refresh] done in 33ms @ http://localhost:3001/_next/static/chunks/node_modules_next_dist_1e8vcs8._.js:776
[  325183ms] [LOG] [Fast Refresh] done in 33ms @ http://localhost:3001/_next/static/chunks/node_modules_next_dist_1e8vcs8._.js:776
[  325246ms] [LOG] [Fast Refresh] done in 33ms @ http://localhost:3001/_next/static/chunks/node_modules_next_dist_1e8vcs8._.js:776
[  325310ms] [LOG] [Fast Refresh] done in 33ms @ http://localhost:3001/_next/static/chunks/node_modules_next_dist_1e8vcs8._.js:776
[  325375ms] [LOG] [Fast Refresh] done in 33ms @ http://localhost:3001/_next/static/chunks/node_modules_next_dist_1e8vcs8._.js:776
[  325435ms] [LOG] [Fast Refresh] done in 33ms @ http://localhost:3001/_next/static/chunks/node_modules_next_dist_1e8vcs8._.js:776
[  325501ms] [LOG] [Fast Refresh] done in 33ms @ http://localhost:3001/_next/static/chunks/node_modules_next_dist_1e8vcs8._.js:776
[  325563ms] [LOG] [Fast Refresh] done in 33ms @ http://localhost:3001/_next/static/chunks/node_modules_next_dist_1e8vcs8._.js:776
[  325624ms] [LOG] [Fast Refresh] done in 33ms @ http://localhost:3001/_next/static/chunks/node_modules_next_dist_1e8vcs8._.js:776
[  325687ms] [LOG] [Fast Refresh] done in 33ms @ http://localhost:3001/_next/static/chunks/node_modules_next_dist_1e8vcs8._.js:776
[  325736ms] [LOG] [Fast Refresh] done in 33ms @ http://localhost:3001/_next/static/chunks/node_modules_next_dist_1e8vcs8._.js:776
[  325799ms] [LOG] [Fast Refresh] done in 33ms @ http://localhost:3001/_next/static/chunks/node_modules_next_dist_1e8vcs8._.js:776
[  325862ms] [LOG] [Fast Refresh] done in 33ms @ http://localhost:3001/_next/static/chunks/node_modules_next_dist_1e8vcs8._.js:776
[  325924ms] [LOG] [Fast Refresh] done in 33ms @ http://localhost:3001/_next/static/chunks/node_modules_next_dist_1e8vcs8._.js:776
[  325986ms] [LOG] [Fast Refresh] done in 33ms @ http://localhost:3001/_next/static/chunks/node_modules_next_dist_1e8vcs8._.js:776
[  326050ms] [LOG] [Fast Refresh] done in 33ms @ http://localhost:3001/_next/static/chunks/node_modules_next_dist_1e8vcs8._.js:776
[  326118ms] [LOG] [Fast Refresh] done in 33ms @ http://localhost:3001/_next/static/chunks/node_modules_next_dist_1e8vcs8._.js:776
[  326177ms] [LOG] [Fast Refresh] done in 33ms @ http://localhost:3001/_next/static/chunks/node_modules_next_dist_1e8vcs8._.js:776
[  326241ms] [LOG] [Fast Refresh] done in 33ms @ http://localhost:3001/_next/static/chunks/node_modules_next_dist_1e8vcs8._.js:776
[  326303ms] [LOG] [Fast Refresh] done in 33ms @ http://localhost:3001/_next/static/chunks/node_modules_next_dist_1e8vcs8._.js:776
[  326375ms] [LOG] [Fast Refresh] done in 33ms @ http://localhost:3001/_next/static/chunks/node_modules_next_dist_1e8vcs8._.js:776
[  326444ms] [LOG] [Fast Refresh] done in 33ms @ http://localhost:3001/_next/static/chunks/node_modules_next_dist_1e8vcs8._.js:776
[  326506ms] [LOG] [Fast Refresh] done in 33ms @ http://localhost:3001/_next/static/chunks/node_modules_next_dist_1e8vcs8._.js:776
[  326571ms] [LOG] [Fast Refresh] done in 33ms @ http://localhost:3001/_next/static/chunks/node_modules_next_dist_1e8vcs8._.js:776
[  326633ms] [LOG] [Fast Refresh] done in 33ms @ http://localhost:3001/_next/static/chunks/node_modules_next_dist_1e8vcs8._.js:776
[  326697ms] [LOG] [Fast Refresh] done in 33ms @ http://localhost:3001/_next/static/chunks/node_modules_next_dist_1e8vcs8._.js:776
[  326760ms] [LOG] [Fast Refresh] done in 33ms @ http://localhost:3001/_next/static/chunks/node_modules_next_dist_1e8vcs8._.js:776
[  326808ms] [LOG] [Fast Refresh] done in 33ms @ http://localhost:3001/_next/static/chunks/node_modules_next_dist_1e8vcs8._.js:776
[  326870ms] [LOG] [Fast Refresh] done in 33ms @ http://localhost:3001/_next/static/chunks/node_modules_next_dist_1e8vcs8._.js:776
[  326934ms] [LOG] [Fast Refresh] done in 33ms @ http://localhost:3001/_next/static/chunks/node_modules_next_dist_1e8vcs8._.js:776
[  326997ms] [LOG] [Fast Refresh] done in 33ms @ http://localhost:3001/_next/static/chunks/node_modules_next_dist_1e8vcs8._.js:776
[  327058ms] [LOG] [Fast Refresh] done in 33ms @ http://localhost:3001/_next/static/chunks/node_modules_next_dist_1e8vcs8._.js:776
[  327106ms] [LOG] [Fast Refresh] done in 33ms @ http://localhost:3001/_next/static/chunks/node_modules_next_dist_1e8vcs8._.js:776
[  327169ms] [LOG] [Fast Refresh] done in 33ms @ http://localhost:3001/_next/static/chunks/node_modules_next_dist_1e8vcs8._.js:776
[  327232ms] [LOG] [Fast Refresh] done in 33ms @ http://localhost:3001/_next/static/chunks/node_modules_next_dist_1e8vcs8._.js:776
[  327295ms] [LOG] [Fast Refresh] done in 33ms @ http://localhost:3001/_next/static/chunks/node_modules_next_dist_1e8vcs8._.js:776
[  327360ms] [LOG] [Fast Refresh] done in 33ms @ http://localhost:3001/_next/static/chunks/node_modules_next_dist_1e8vcs8._.js:776
[  327422ms] [LOG] [Fast Refresh] done in 33ms @ http://localhost:3001/_next/static/chunks/node_modules_next_dist_1e8vcs8._.js:776
[  327488ms] [LOG] [Fast Refresh] done in 33ms @ http://localhost:3001/_next/static/chunks/node_modules_next_dist_1e8vcs8._.js:776
[  327550ms] [LOG] [Fast Refresh] done in 33ms @ http://localhost:3001/_next/static/chunks/node_modules_next_dist_1e8vcs8._.js:776
[  327600ms] [LOG] [Fast Refresh] done in 33ms @ http://localhost:3001/_next/static/chunks/node_modules_next_dist_1e8vcs8._.js:776
[  327660ms] [LOG] [Fast Refresh] done in 33ms @ http://localhost:3001/_next/static/chunks/node_modules_next_dist_1e8vcs8._.js:776
[  327724ms] [LOG] [Fast Refresh] done in 33ms @ http://localhost:3001/_next/static/chunks/node_modules_next_dist_1e8vcs8._.js:776
[  327788ms] [LOG] [Fast Refresh] done in 33ms @ http://localhost:3001/_next/static/chunks/node_modules_next_dist_1e8vcs8._.js:776
[  327852ms] [LOG] [Fast Refresh] done in 33ms @ http://localhost:3001/_next/static/chunks/node_modules_next_dist_1e8vcs8._.js:776
[  327915ms] [LOG] [Fast Refresh] done in 33ms @ http://localhost:3001/_next/static/chunks/node_modules_next_dist_1e8vcs8._.js:776
[  327979ms] [LOG] [Fast Refresh] done in 33ms @ http://localhost:3001/_next/static/chunks/node_modules_next_dist_1e8vcs8._.js:776
[  328043ms] [LOG] [Fast Refresh] done in 33ms @ http://localhost:3001/_next/static/chunks/node_modules_next_dist_1e8vcs8._.js:776
[  328092ms] [LOG] [Fast Refresh] done in 33ms @ http://localhost:3001/_next/static/chunks/node_modules_next_dist_1e8vcs8._.js:776
[  328140ms] [LOG] [Fast Refresh] done in 33ms @ http://localhost:3001/_next/static/chunks/node_modules_next_dist_1e8vcs8._.js:776
[  328202ms] [LOG] [Fast Refresh] done in 33ms @ http://localhost:3001/_next/static/chunks/node_modules_next_dist_1e8vcs8._.js:776
[  328264ms] [LOG] [Fast Refresh] done in 33ms @ http://localhost:3001/_next/static/chunks/node_modules_next_dist_1e8vcs8._.js:776
[  328328ms] [LOG] [Fast Refresh] done in 33ms @ http://localhost:3001/_next/static/chunks/node_modules_next_dist_1e8vcs8._.js:776
[  328375ms] [LOG] [Fast Refresh] done in 33ms @ http://localhost:3001/_next/static/chunks/node_modules_next_dist_1e8vcs8._.js:776
[  328440ms] [LOG] [Fast Refresh] done in 33ms @ http://localhost:3001/_next/static/chunks/node_modules_next_dist_1e8vcs8._.js:776
[  328502ms] [LOG] [Fast Refresh] done in 33ms @ http://localhost:3001/_next/static/chunks/node_modules_next_dist_1e8vcs8._.js:776
[  328567ms] [LOG] [Fast Refresh] done in 33ms @ http://localhost:3001/_next/static/chunks/node_modules_next_dist_1e8vcs8._.js:776
[  328627ms] [LOG] [Fast Refresh] done in 33ms @ http://localhost:3001/_next/static/chunks/node_modules_next_dist_1e8vcs8._.js:776
[  328674ms] [LOG] [Fast Refresh] done in 33ms @ http://localhost:3001/_next/static/chunks/node_modules_next_dist_1e8vcs8._.js:776
[  328738ms] [LOG] [Fast Refresh] done in 33ms @ http://localhost:3001/_next/static/chunks/node_modules_next_dist_1e8vcs8._.js:776
[  328799ms] [LOG] [Fast Refresh] done in 33ms @ http://localhost:3001/_next/static/chunks/node_modules_next_dist_1e8vcs8._.js:776
[  328864ms] [LOG] [Fast Refresh] done in 33ms @ http://localhost:3001/_next/static/chunks/node_modules_next_dist_1e8vcs8._.js:776
[  328926ms] [LOG] [Fast Refresh] done in 33ms @ http://localhost:3001/_next/static/chunks/node_modules_next_dist_1e8vcs8._.js:776
[  328991ms] [LOG] [Fast Refresh] done in 33ms @ http://localhost:3001/_next/static/chunks/node_modules_next_dist_1e8vcs8._.js:776
[  329055ms] [LOG] [Fast Refresh] done in 33ms @ http://localhost:3001/_next/static/chunks/node_modules_next_dist_1e8vcs8._.js:776
[  329117ms] [LOG] [Fast Refresh] done in 33ms @ http://localhost:3001/_next/static/chunks/node_modules_next_dist_1e8vcs8._.js:776
[  329179ms] [LOG] [Fast Refresh] done in 33ms @ http://localhost:3001/_next/static/chunks/node_modules_next_dist_1e8vcs8._.js:776
[  329242ms] [LOG] [Fast Refresh] done in 33ms @ http://localhost:3001/_next/static/chunks/node_modules_next_dist_1e8vcs8._.js:776
[  329303ms] [LOG] [Fast Refresh] done in 33ms @ http://localhost:3001/_next/static/chunks/node_modules_next_dist_1e8vcs8._.js:776
[  329369ms] [LOG] [Fast Refresh] done in 33ms @ http://localhost:3001/_next/static/chunks/node_modules_next_dist_1e8vcs8._.js:776
[  329431ms] [LOG] [Fast Refresh] done in 33ms @ http://localhost:3001/_next/static/chunks/node_modules_next_dist_1e8vcs8._.js:776
[  329492ms] [LOG] [Fast Refresh] done in 33ms @ http://localhost:3001/_next/static/chunks/node_modules_next_dist_1e8vcs8._.js:776
[  329556ms] [LOG] [Fast Refresh] done in 33ms @ http://localhost:3001/_next/static/chunks/node_modules_next_dist_1e8vcs8._.js:776
[  329617ms] [LOG] [Fast Refresh] done in 33ms @ http://localhost:3001/_next/static/chunks/node_modules_next_dist_1e8vcs8._.js:776
[  329676ms] [LOG] [Fast Refresh] done in 33ms @ http://localhost:3001/_next/static/chunks/node_modules_next_dist_1e8vcs8._.js:776
[  329747ms] [LOG] [Fast Refresh] done in 33ms @ http://localhost:3001/_next/static/chunks/node_modules_next_dist_1e8vcs8._.js:776
[  329801ms] [LOG] [Fast Refresh] done in 33ms @ http://localhost:3001/_next/static/chunks/node_modules_next_dist_1e8vcs8._.js:776
[  329866ms] [LOG] [Fast Refresh] done in 33ms @ http://localhost:3001/_next/static/chunks/node_modules_next_dist_1e8vcs8._.js:776
[  329926ms] [LOG] [Fast Refresh] done in 33ms @ http://localhost:3001/_next/static/chunks/node_modules_next_dist_1e8vcs8._.js:776
[  329990ms] [LOG] [Fast Refresh] done in 33ms @ http://localhost:3001/_next/static/chunks/node_modules_next_dist_1e8vcs8._.js:776
[  330054ms] [LOG] [Fast Refresh] done in 33ms @ http://localhost:3001/_next/static/chunks/node_modules_next_dist_1e8vcs8._.js:776
[  330117ms] [LOG] [Fast Refresh] done in 33ms @ http://localhost:3001/_next/static/chunks/node_modules_next_dist_1e8vcs8._.js:776
[  330178ms] [LOG] [Fast Refresh] done in 33ms @ http://localhost:3001/_next/static/chunks/node_modules_next_dist_1e8vcs8._.js:776
[  330240ms] [LOG] [Fast Refresh] done in 33ms @ http://localhost:3001/_next/static/chunks/node_modules_next_dist_1e8vcs8._.js:776
[  330302ms] [LOG] [Fast Refresh] done in 33ms @ http://localhost:3001/_next/static/chunks/node_modules_next_dist_1e8vcs8._.js:776
[  330365ms] [LOG] [Fast Refresh] done in 33ms @ http://localhost:3001/_next/static/chunks/node_modules_next_dist_1e8vcs8._.js:776
[  330428ms] [LOG] [Fast Refresh] done in 33ms @ http://localhost:3001/_next/static/chunks/node_modules_next_dist_1e8vcs8._.js:776
[  330490ms] [LOG] [Fast Refresh] done in 33ms @ http://localhost:3001/_next/static/chunks/node_modules_next_dist_1e8vcs8._.js:776
[  330554ms] [LOG] [Fast Refresh] done in 33ms @ http://localhost:3001/_next/static/chunks/node_modules_next_dist_1e8vcs8._.js:776
[  330616ms] [LOG] [Fast Refresh] done in 33ms @ http://localhost:3001/_next/static/chunks/node_modules_next_dist_1e8vcs8._.js:776
[  330679ms] [LOG] [Fast Refresh] done in 33ms @ http://localhost:3001/_next/static/chunks/node_modules_next_dist_1e8vcs8._.js:776
[  330743ms] [LOG] [Fast Refresh] done in 33ms @ http://localhost:3001/_next/static/chunks/node_modules_next_dist_1e8vcs8._.js:776
[  330807ms] [LOG] [Fast Refresh] done in 33ms @ http://localhost:3001/_next/static/chunks/node_modules_next_dist_1e8vcs8._.js:776
[  330892ms] [LOG] [Fast Refresh] done in 33ms @ http://localhost:3001/_next/static/chunks/node_modules_next_dist_1e8vcs8._.js:776
[  330949ms] [LOG] [Fast Refresh] done in 33ms @ http://localhost:3001/_next/static/chunks/node_modules_next_dist_1e8vcs8._.js:776
[  331011ms] [LOG] [Fast Refresh] done in 33ms @ http://localhost:3001/_next/static/chunks/node_modules_next_dist_1e8vcs8._.js:776
[  331088ms] [LOG] [Fast Refresh] done in 33ms @ http://localhost:3001/_next/static/chunks/node_modules_next_dist_1e8vcs8._.js:776
[  331158ms] [LOG] [Fast Refresh] done in 33ms @ http://localhost:3001/_next/static/chunks/node_modules_next_dist_1e8vcs8._.js:776
[  331199ms] [LOG] [Fast Refresh] done in 33ms @ http://localhost:3001/_next/static/chunks/node_modules_next_dist_1e8vcs8._.js:776
[  331327ms] [LOG] [Fast Refresh] done in 33ms @ http://localhost:3001/_next/static/chunks/node_modules_next_dist_1e8vcs8._.js:776
[  331385ms] [LOG] [Fast Refresh] done in 33ms @ http://localhost:3001/_next/static/chunks/node_modules_next_dist_1e8vcs8._.js:776
[  331446ms] [LOG] [Fast Refresh] done in 33ms @ http://localhost:3001/_next/static/chunks/node_modules_next_dist_1e8vcs8._.js:776
[  331508ms] [LOG] [Fast Refresh] done in 33ms @ http://localhost:3001/_next/static/chunks/node_modules_next_dist_1e8vcs8._.js:776
[  331570ms] [LOG] [Fast Refresh] done in 33ms @ http://localhost:3001/_next/static/chunks/node_modules_next_dist_1e8vcs8._.js:776
[  331634ms] [LOG] [Fast Refresh] done in 33ms @ http://localhost:3001/_next/static/chunks/node_modules_next_dist_1e8vcs8._.js:776
[  331696ms] [LOG] [Fast Refresh] done in 33ms @ http://localhost:3001/_next/static/chunks/node_modules_next_dist_1e8vcs8._.js:776
[  331760ms] [LOG] [Fast Refresh] done in 33ms @ http://localhost:3001/_next/static/chunks/node_modules_next_dist_1e8vcs8._.js:776
[  331823ms] [LOG] [Fast Refresh] done in 33ms @ http://localhost:3001/_next/static/chunks/node_modules_next_dist_1e8vcs8._.js:776
[  331895ms] [LOG] [Fast Refresh] done in 33ms @ http://localhost:3001/_next/static/chunks/node_modules_next_dist_1e8vcs8._.js:776
[  332003ms] [LOG] [Fast Refresh] done in 33ms @ http://localhost:3001/_next/static/chunks/node_modules_next_dist_1e8vcs8._.js:776
[  332058ms] [LOG] [Fast Refresh] done in 33ms @ http://localhost:3001/_next/static/chunks/node_modules_next_dist_1e8vcs8._.js:776
[  332121ms] [LOG] [Fast Refresh] done in 33ms @ http://localhost:3001/_next/static/chunks/node_modules_next_dist_1e8vcs8._.js:776
[  332169ms] [LOG] [Fast Refresh] done in 33ms @ http://localhost:3001/_next/static/chunks/node_modules_next_dist_1e8vcs8._.js:776
[  332231ms] [LOG] [Fast Refresh] done in 33ms @ http://localhost:3001/_next/static/chunks/node_modules_next_dist_1e8vcs8._.js:776
[  332294ms] [LOG] [Fast Refresh] done in 33ms @ http://localhost:3001/_next/static/chunks/node_modules_next_dist_1e8vcs8._.js:776
[  332359ms] [LOG] [Fast Refresh] done in 33ms @ http://localhost:3001/_next/static/chunks/node_modules_next_dist_1e8vcs8._.js:776
[  332421ms] [LOG] [Fast Refresh] done in 33ms @ http://localhost:3001/_next/static/chunks/node_modules_next_dist_1e8vcs8._.js:776
[  332486ms] [LOG] [Fast Refresh] done in 33ms @ http://localhost:3001/_next/static/chunks/node_modules_next_dist_1e8vcs8._.js:776
[  332550ms] [LOG] [Fast Refresh] done in 33ms @ http://localhost:3001/_next/static/chunks/node_modules_next_dist_1e8vcs8._.js:776
[  332596ms] [LOG] [Fast Refresh] done in 33ms @ http://localhost:3001/_next/static/chunks/node_modules_next_dist_1e8vcs8._.js:776
[  332659ms] [LOG] [Fast Refresh] done in 33ms @ http://localhost:3001/_next/static/chunks/node_modules_next_dist_1e8vcs8._.js:776
[  332728ms] [LOG] [Fast Refresh] done in 33ms @ http://localhost:3001/_next/static/chunks/node_modules_next_dist_1e8vcs8._.js:776
[  332798ms] [LOG] [Fast Refresh] done in 33ms @ http://localhost:3001/_next/static/chunks/node_modules_next_dist_1e8vcs8._.js:776
[  332870ms] [LOG] [Fast Refresh] done in 33ms @ http://localhost:3001/_next/static/chunks/node_modules_next_dist_1e8vcs8._.js:776
[  332952ms] [LOG] [Fast Refresh] done in 33ms @ http://localhost:3001/_next/static/chunks/node_modules_next_dist_1e8vcs8._.js:776
[  333006ms] [LOG] [Fast Refresh] done in 33ms @ http://localhost:3001/_next/static/chunks/node_modules_next_dist_1e8vcs8._.js:776
[  333079ms] [LOG] [Fast Refresh] done in 33ms @ http://localhost:3001/_next/static/chunks/node_modules_next_dist_1e8vcs8._.js:776
[  333148ms] [LOG] [Fast Refresh] done in 33ms @ http://localhost:3001/_next/static/chunks/node_modules_next_dist_1e8vcs8._.js:776
[  333213ms] [LOG] [Fast Refresh] done in 33ms @ http://localhost:3001/_next/static/chunks/node_modules_next_dist_1e8vcs8._.js:776
[  333278ms] [LOG] [Fast Refresh] done in 33ms @ http://localhost:3001/_next/static/chunks/node_modules_next_dist_1e8vcs8._.js:776
[  333387ms] [LOG] [Fast Refresh] done in 33ms @ http://localhost:3001/_next/static/chunks/node_modules_next_dist_1e8vcs8._.js:776
[  333446ms] [LOG] [Fast Refresh] done in 33ms @ http://localhost:3001/_next/static/chunks/node_modules_next_dist_1e8vcs8._.js:776
[  333510ms] [LOG] [Fast Refresh] done in 33ms @ http://localhost:3001/_next/static/chunks/node_modules_next_dist_1e8vcs8._.js:776
[  333573ms] [LOG] [Fast Refresh] done in 33ms @ http://localhost:3001/_next/static/chunks/node_modules_next_dist_1e8vcs8._.js:776
[  333636ms] [LOG] [Fast Refresh] done in 33ms @ http://localhost:3001/_next/static/chunks/node_modules_next_dist_1e8vcs8._.js:776
[  333702ms] [LOG] [Fast Refresh] done in 33ms @ http://localhost:3001/_next/static/chunks/node_modules_next_dist_1e8vcs8._.js:776
[  333767ms] [LOG] [Fast Refresh] done in 33ms @ http://localhost:3001/_next/static/chunks/node_modules_next_dist_1e8vcs8._.js:776
[  333811ms] [LOG] [Fast Refresh] done in 33ms @ http://localhost:3001/_next/static/chunks/node_modules_next_dist_1e8vcs8._.js:776
[  333873ms] [LOG] [Fast Refresh] done in 33ms @ http://localhost:3001/_next/static/chunks/node_modules_next_dist_1e8vcs8._.js:776
[  333937ms] [LOG] [Fast Refresh] done in 33ms @ http://localhost:3001/_next/static/chunks/node_modules_next_dist_1e8vcs8._.js:776
[  334000ms] [LOG] [Fast Refresh] done in 33ms @ http://localhost:3001/_next/static/chunks/node_modules_next_dist_1e8vcs8._.js:776
[  334064ms] [LOG] [Fast Refresh] done in 33ms @ http://localhost:3001/_next/static/chunks/node_modules_next_dist_1e8vcs8._.js:776
[  334128ms] [LOG] [Fast Refresh] done in 33ms @ http://localhost:3001/_next/static/chunks/node_modules_next_dist_1e8vcs8._.js:776
[  334191ms] [LOG] [Fast Refresh] done in 33ms @ http://localhost:3001/_next/static/chunks/node_modules_next_dist_1e8vcs8._.js:776
[  334254ms] [LOG] [Fast Refresh] done in 33ms @ http://localhost:3001/_next/static/chunks/node_modules_next_dist_1e8vcs8._.js:776
[  334316ms] [LOG] [Fast Refresh] done in 33ms @ http://localhost:3001/_next/static/chunks/node_modules_next_dist_1e8vcs8._.js:776
[  334381ms] [LOG] [Fast Refresh] done in 33ms @ http://localhost:3001/_next/static/chunks/node_modules_next_dist_1e8vcs8._.js:776
[  334444ms] [LOG] [Fast Refresh] done in 33ms @ http://localhost:3001/_next/static/chunks/node_modules_next_dist_1e8vcs8._.js:776
[  334507ms] [LOG] [Fast Refresh] done in 33ms @ http://localhost:3001/_next/static/chunks/node_modules_next_dist_1e8vcs8._.js:776
[  334570ms] [LOG] [Fast Refresh] done in 33ms @ http://localhost:3001/_next/static/chunks/node_modules_next_dist_1e8vcs8._.js:776
[  334634ms] [LOG] [Fast Refresh] done in 33ms @ http://localhost:3001/_next/static/chunks/node_modules_next_dist_1e8vcs8._.js:776
[  334693ms] [LOG] [Fast Refresh] done in 33ms @ http://localhost:3001/_next/static/chunks/node_modules_next_dist_1e8vcs8._.js:776
[  334758ms] [LOG] [Fast Refresh] done in 33ms @ http://localhost:3001/_next/static/chunks/node_modules_next_dist_1e8vcs8._.js:776
[  334820ms] [LOG] [Fast Refresh] done in 33ms @ http://localhost:3001/_next/static/chunks/node_modules_next_dist_1e8vcs8._.js:776
[  334886ms] [LOG] [Fast Refresh] done in 33ms @ http://localhost:3001/_next/static/chunks/node_modules_next_dist_1e8vcs8._.js:776
[  334945ms] [LOG] [Fast Refresh] done in 33ms @ http://localhost:3001/_next/static/chunks/node_modules_next_dist_1e8vcs8._.js:776
[  335012ms] [LOG] [Fast Refresh] done in 33ms @ http://localhost:3001/_next/static/chunks/node_modules_next_dist_1e8vcs8._.js:776
[  335097ms] [LOG] [Fast Refresh] done in 33ms @ http://localhost:3001/_next/static/chunks/node_modules_next_dist_1e8vcs8._.js:776
[  335164ms] [LOG] [Fast Refresh] done in 33ms @ http://localhost:3001/_next/static/chunks/node_modules_next_dist_1e8vcs8._.js:776
[  335228ms] [LOG] [Fast Refresh] done in 33ms @ http://localhost:3001/_next/static/chunks/node_modules_next_dist_1e8vcs8._.js:776
[  335289ms] [LOG] [Fast Refresh] done in 33ms @ http://localhost:3001/_next/static/chunks/node_modules_next_dist_1e8vcs8._.js:776
[  335352ms] [LOG] [Fast Refresh] done in 33ms @ http://localhost:3001/_next/static/chunks/node_modules_next_dist_1e8vcs8._.js:776
[  335415ms] [LOG] [Fast Refresh] done in 33ms @ http://localhost:3001/_next/static/chunks/node_modules_next_dist_1e8vcs8._.js:776
[  335480ms] [LOG] [Fast Refresh] done in 33ms @ http://localhost:3001/_next/static/chunks/node_modules_next_dist_1e8vcs8._.js:776
[  335527ms] [LOG] [Fast Refresh] done in 33ms @ http://localhost:3001/_next/static/chunks/node_modules_next_dist_1e8vcs8._.js:776
[  335591ms] [LOG] [Fast Refresh] done in 33ms @ http://localhost:3001/_next/static/chunks/node_modules_next_dist_1e8vcs8._.js:776
[  335658ms] [LOG] [Fast Refresh] done in 33ms @ http://localhost:3001/_next/static/chunks/node_modules_next_dist_1e8vcs8._.js:776
[  485708ms] [LOG] [Fast Refresh] rebuilding @ http://localhost:3001/_next/static/chunks/node_modules_next_dist_1e8vcs8._.js:776
[  487007ms] [LOG] [Fast Refresh] done in 1190ms @ http://localhost:3001/_next/static/chunks/node_modules_next_dist_1e8vcs8._.js:776
[  487118ms] [LOG] [Fast Refresh] rebuilding @ http://localhost:3001/_next/static/chunks/node_modules_next_dist_1e8vcs8._.js:776
[  487231ms] [LOG] [Fast Refresh] done in 180ms @ http://localhost:3001/_next/static/chunks/node_modules_next_dist_1e8vcs8._.js:776
