[     627ms] [ERROR] Manifest: Line: 1, column: 1, Syntax error. @ https://dreamina.capcut.com/manifest.json:0
[     841ms] [LOG] 🚀 Slardar ClientLayoutAsync @ https://sf16-web-tos-buz.capcutcdn-us.com/obj/capcut-web-buz-tx/growth/seeyou/cms_consumer/static/js/main.a4b9d6bf.js:1
[     847ms] [LOG] 🚀 Slardar Ready {bid: growth_capcut_seo, env: online, release: growth.seeyou.cms_consumer-2.0.0.1648, domain: https://mon16-normal-us-ttp.capcutapi.us, pluginPathPrefix: https://sf16-web-tos-buz.capcutcdn-us.com/obj/capcut-web-buz-tx/slardar-web-sdk/sdk-web/plugins} @ https://sf16-web-tos-buz.capcutcdn-us.com/obj/capcut-web-buz-tx/growth/seeyou/cms_consumer/static/js/main.a4b9d6bf.js:1
[     848ms] [LOG] 🚀 Tea ClientLayoutAsync @ https://sf16-web-tos-buz.capcutcdn-us.com/obj/capcut-web-buz-tx/growth/seeyou/cms_consumer/static/js/main.a4b9d6bf.js:1
[     867ms] [LOG] 🚀 Tea complete initialization @ https://sf16-web-tos-buz.capcutcdn-us.com/obj/capcut-web-buz-tx/growth/seeyou/cms_consumer/static/js/main.a4b9d6bf.js:1
[     883ms] [ERROR] Connecting to 'https://mon-sg.capcutapi.com/monitor_browser/collect/batch/?bid=capcut_pns_web_runtime' violates the following Content Security Policy directive: "connect-src 'self' blob: bytedance: data: http://localhost:* https://localhost:* http://127.0.0.1:* https://127.0.0.1:* wss://*.us.capcut.com wss://*.elevenlabs.io *.adtrafficquality.google *.bing.com *.bing.net *.capcutapi.us *.capcutcdn-us.com *.capcutw.us *.clarity.ms *.doubleclick.net *.facebook.com *.facebook.net *.google-analytics.com *.google.com *.googleadservices.com *.googleapis.com *.googlesyndication.com us.tiktok.com *.googletagmanager.com *.googleusercontent.com *.gstatic.com *.pipopay.com *.pipopayment.com *.pipopayment.us *.run.app *.tiktokcdn-us.com *.tiktokv.us *.tiktokw.us *.twitter.com *.us.capcut.com *.us.somehow.ai dreamina.capcut.com login-row.www.capcut.com login-row.www.somehow.ai www.capcut.com www.somehow.ai www.tiktok.com *.pinterest.com macan-native.com *.countain.com open.tiktokapis.com". The action has been blocked. @ https://sf16-web-tos-buz.capcutcdn-us.com/obj/capcut-web-buz-tx/tiktok_privacy_protection_framework/loader/atsx/index.js:3
[    1275ms] [LOG] 🚀 consent change {firstPartyAnalytics: false, GoogleAnalytics: false, bingAnalytics: false, facebookPixel: false, tiktokAds: false} null @ https://sf16-web-tos-buz.capcutcdn-us.com/obj/capcut-web-buz-tx/growth/seeyou/cms_consumer/static/js/main.a4b9d6bf.js:1
[    1553ms] [INFO] [PixelManager] Created for app 513641 {channels: Array(8)} @ https://sf16-web-tos-buz.capcutcdn-us.com/obj/capcut-web-buz-tx/growth/seeyou/cms_consumer/static/js/async/lv-cookie-consent.47f19aa6.js:0
[    1553ms] [INFO] [PixelManager] Enabling... @ https://sf16-web-tos-buz.capcutcdn-us.com/obj/capcut-web-buz-tx/growth/seeyou/cms_consumer/static/js/async/lv-cookie-consent.47f19aa6.js:0
[    1578ms] [INFO] [PixelManager] Skip loading pinterest (vendor "pinterest" not eligible for reporting) @ https://sf16-web-tos-buz.capcutcdn-us.com/obj/capcut-web-buz-tx/growth/seeyou/cms_consumer/static/js/async/lv-cookie-consent.47f19aa6.js:0
[    1578ms] [INFO] [PixelManager] Skip loading meta (vendor "meta" not eligible for reporting) @ https://sf16-web-tos-buz.capcutcdn-us.com/obj/capcut-web-buz-tx/growth/seeyou/cms_consumer/static/js/async/lv-cookie-consent.47f19aa6.js:0
[    1578ms] [INFO] [PixelManager] Skip loading tiktok (vendor "tiktok" not eligible for reporting) @ https://sf16-web-tos-buz.capcutcdn-us.com/obj/capcut-web-buz-tx/growth/seeyou/cms_consumer/static/js/async/lv-cookie-consent.47f19aa6.js:0
[    1579ms] [INFO] [PixelManager] Skip loading pwn (vendor "pwn" not eligible for reporting) @ https://sf16-web-tos-buz.capcutcdn-us.com/obj/capcut-web-buz-tx/growth/seeyou/cms_consumer/static/js/async/lv-cookie-consent.47f19aa6.js:0
[    1579ms] [INFO] [PixelManager] Skip loading macan (vendor "macan" not eligible for reporting) @ https://sf16-web-tos-buz.capcutcdn-us.com/obj/capcut-web-buz-tx/growth/seeyou/cms_consumer/static/js/async/lv-cookie-consent.47f19aa6.js:0
[    1952ms] [LOG] [Pixel:bing:bing] Bing Provider created @ https://sf16-web-tos-buz.capcutcdn-us.com/obj/capcut-web-buz-tx/growth/seeyou/cms_consumer/static/js/async/lv-cookie-consent.47f19aa6.js:4
[    1952ms] [INFO] [PixelManager] Provider loaded: bing @ https://sf16-web-tos-buz.capcutcdn-us.com/obj/capcut-web-buz-tx/growth/seeyou/cms_consumer/static/js/async/lv-cookie-consent.47f19aa6.js:0
[    1952ms] [LOG] [Pixel:bing:bing] Loading Bing UET SDK... @ https://sf16-web-tos-buz.capcutcdn-us.com/obj/capcut-web-buz-tx/growth/seeyou/cms_consumer/static/js/async/lv-cookie-consent.47f19aa6.js:4
[    1958ms] [LOG] [Pixel:google:ga4] Google Provider created @ https://sf16-web-tos-buz.capcutcdn-us.com/obj/capcut-web-buz-tx/growth/seeyou/cms_consumer/static/js/async/lv-cookie-consent.47f19aa6.js:4
[    1959ms] [INFO] [PixelManager] Provider loaded: ga4 @ https://sf16-web-tos-buz.capcutcdn-us.com/obj/capcut-web-buz-tx/growth/seeyou/cms_consumer/static/js/async/lv-cookie-consent.47f19aa6.js:0
[    1959ms] [LOG] [Pixel:google:ga4Kol] Google Provider created @ https://sf16-web-tos-buz.capcutcdn-us.com/obj/capcut-web-buz-tx/growth/seeyou/cms_consumer/static/js/async/lv-cookie-consent.47f19aa6.js:4
[    1959ms] [INFO] [PixelManager] Provider loaded: ga4Kol @ https://sf16-web-tos-buz.capcutcdn-us.com/obj/capcut-web-buz-tx/growth/seeyou/cms_consumer/static/js/async/lv-cookie-consent.47f19aa6.js:0
[    1959ms] [LOG] [Pixel:google:ga4] Loading Google SDK... {gtmIds: Array(1)} @ https://sf16-web-tos-buz.capcutcdn-us.com/obj/capcut-web-buz-tx/growth/seeyou/cms_consumer/static/js/async/lv-cookie-consent.47f19aa6.js:4
[    1963ms] [LOG] [Pixel:google:ga4Kol] Loading Google SDK... {gtmIds: Array(1)} @ https://sf16-web-tos-buz.capcutcdn-us.com/obj/capcut-web-buz-tx/growth/seeyou/cms_consumer/static/js/async/lv-cookie-consent.47f19aa6.js:4
[    1963ms] [LOG] [Pixel:google:ga4Kol] GTM container loaded: GTM-58XMB5QW @ https://sf16-web-tos-buz.capcutcdn-us.com/obj/capcut-web-buz-tx/growth/seeyou/cms_consumer/static/js/async/lv-cookie-consent.47f19aa6.js:4
[    1963ms] [LOG] [Pixel:google:ga4Kol] Google SDK loaded {gtmCount: 1} @ https://sf16-web-tos-buz.capcutcdn-us.com/obj/capcut-web-buz-tx/growth/seeyou/cms_consumer/static/js/async/lv-cookie-consent.47f19aa6.js:4
[    1982ms] [LOG] [Pixel:bing:bing] Bing UET SDK loaded @ https://sf16-web-tos-buz.capcutcdn-us.com/obj/capcut-web-buz-tx/growth/seeyou/cms_consumer/static/js/async/lv-cookie-consent.47f19aa6.js:4
[    2027ms] [LOG] [Pixel:google:ga4] GTM container loaded: GTM-58XMB5QW @ https://sf16-web-tos-buz.capcutcdn-us.com/obj/capcut-web-buz-tx/growth/seeyou/cms_consumer/static/js/async/lv-cookie-consent.47f19aa6.js:4
[    2027ms] [LOG] [Pixel:google:ga4] Google SDK loaded {gtmCount: 1} @ https://sf16-web-tos-buz.capcutcdn-us.com/obj/capcut-web-buz-tx/growth/seeyou/cms_consumer/static/js/async/lv-cookie-consent.47f19aa6.js:4
[    2049ms] [INFO] [PixelManager] Google consent updated to granted @ https://sf16-web-tos-buz.capcutcdn-us.com/obj/capcut-web-buz-tx/growth/seeyou/cms_consumer/static/js/async/lv-cookie-consent.47f19aa6.js:0
[    2049ms] [INFO] [PixelManager] Bing consent updated to granted @ https://sf16-web-tos-buz.capcutcdn-us.com/obj/capcut-web-buz-tx/growth/seeyou/cms_consumer/static/js/async/lv-cookie-consent.47f19aa6.js:0
[    2050ms] [INFO] [PixelManager] Enabled @ https://sf16-web-tos-buz.capcutcdn-us.com/obj/capcut-web-buz-tx/growth/seeyou/cms_consumer/static/js/async/lv-cookie-consent.47f19aa6.js:0
[    2050ms] [LOG] 🚀 consent change {firstPartyAnalytics: true, GoogleAnalytics: true, bingAnalytics: true, facebookPixel: true, tiktokAds: true} nL @ https://sf16-web-tos-buz.capcutcdn-us.com/obj/capcut-web-buz-tx/growth/seeyou/cms_consumer/static/js/main.a4b9d6bf.js:1
[    2050ms] [LOG] 🚀 Tea ready @ https://sf16-web-tos-buz.capcutcdn-us.com/obj/capcut-web-buz-tx/growth/seeyou/cms_consumer/static/js/main.a4b9d6bf.js:1
[    2051ms] [LOG] 🚀 consent 上报 pv {firstPartyAnalytics: true, GoogleAnalytics: true, bingAnalytics: true, facebookPixel: true, tiktokAds: true} nL @ https://sf16-web-tos-buz.capcutcdn-us.com/obj/capcut-web-buz-tx/growth/seeyou/cms_consumer/static/js/main.a4b9d6bf.js:1
[    2060ms] [LOG] [Pixel:google:ga4] Event Symbol(std:PageView) -> page_view sent (broadcast) @ https://sf16-web-tos-buz.capcutcdn-us.com/obj/capcut-web-buz-tx/growth/seeyou/cms_consumer/static/js/async/lv-cookie-consent.47f19aa6.js:4
[    2060ms] [INFO] [PixelManager] Skip ga4Kol (google already tracked in broadcast) @ https://sf16-web-tos-buz.capcutcdn-us.com/obj/capcut-web-buz-tx/growth/seeyou/cms_consumer/static/js/async/lv-cookie-consent.47f19aa6.js:0
[    2060ms] [LOG] [Pixel:bing:bing] Event -> page_view sent @ https://sf16-web-tos-buz.capcutcdn-us.com/obj/capcut-web-buz-tx/growth/seeyou/cms_consumer/static/js/async/lv-cookie-consent.47f19aa6.js:4
[    2061ms] [INFO] [PixelManager] Skip pinterest (smart reporting) @ https://sf16-web-tos-buz.capcutcdn-us.com/obj/capcut-web-buz-tx/growth/seeyou/cms_consumer/static/js/async/lv-cookie-consent.47f19aa6.js:0
[    2061ms] [INFO] [PixelManager] Skip meta (smart reporting) @ https://sf16-web-tos-buz.capcutcdn-us.com/obj/capcut-web-buz-tx/growth/seeyou/cms_consumer/static/js/async/lv-cookie-consent.47f19aa6.js:0
[    2061ms] [INFO] [PixelManager] Skip tiktok (smart reporting) @ https://sf16-web-tos-buz.capcutcdn-us.com/obj/capcut-web-buz-tx/growth/seeyou/cms_consumer/static/js/async/lv-cookie-consent.47f19aa6.js:0
[    2061ms] [INFO] [PixelManager] Skip pwn (smart reporting) @ https://sf16-web-tos-buz.capcutcdn-us.com/obj/capcut-web-buz-tx/growth/seeyou/cms_consumer/static/js/async/lv-cookie-consent.47f19aa6.js:0
[    2061ms] [INFO] [PixelManager] Skip macan (smart reporting) @ https://sf16-web-tos-buz.capcutcdn-us.com/obj/capcut-web-buz-tx/growth/seeyou/cms_consumer/static/js/async/lv-cookie-consent.47f19aa6.js:0
[    2855ms] [ERROR] Connecting to 'https://mon-sg.capcutapi.com/monitor_browser/collect/batch/?bid=capcut_pns_web_runtime' violates the following Content Security Policy directive: "connect-src 'self' blob: bytedance: data: http://localhost:* https://localhost:* http://127.0.0.1:* https://127.0.0.1:* wss://*.us.capcut.com wss://*.elevenlabs.io *.adtrafficquality.google *.bing.com *.bing.net *.capcutapi.us *.capcutcdn-us.com *.capcutw.us *.clarity.ms *.doubleclick.net *.facebook.com *.facebook.net *.google-analytics.com *.google.com *.googleadservices.com *.googleapis.com *.googlesyndication.com us.tiktok.com *.googletagmanager.com *.googleusercontent.com *.gstatic.com *.pipopay.com *.pipopayment.com *.pipopayment.us *.run.app *.tiktokcdn-us.com *.tiktokv.us *.tiktokw.us *.twitter.com *.us.capcut.com *.us.somehow.ai dreamina.capcut.com login-row.www.capcut.com login-row.www.somehow.ai www.capcut.com www.somehow.ai www.tiktok.com *.pinterest.com macan-native.com *.countain.com open.tiktokapis.com". The action has been blocked. @ https://sf16-web-tos-buz.capcutcdn-us.com/obj/capcut-web-buz-tx/tiktok_privacy_protection_framework/loader/atsx/index.js:3
